{
  "parsed_source": "EIGENVAL",
  "pymatgen_bsvasprun": {
    "available": true,
    "backend": "pymatgen.io.vasp.outputs.BSVasprun",
    "vbm_energy_ev": 5.8315,
    "cbm_energy_ev": 6.404,
    "band_gap": {
      "direct": false,
      "transition": "G-(0.414,0.000,0.414)",
      "energy": 0.5724999999999998
    },
    "vbm_kpoint_label": "G",
    "cbm_kpoint_label": null,
    "spin_channels": [
      "1"
    ]
  },
  "vasprun_band": {
    "available": true,
    "vasp_version": "6.6.0"
  },
  "n_kpoints": 180,
  "n_bands": 12,
  "nelect": 8,
  "occupied_bands_assumed": 4,
  "points_per_segment": 36,
  "vbm": {
    "energy_ev": 5.831544,
    "band_index_1based": 4,
    "k_index_1based": 36,
    "x": 0.8660254037844386,
    "fractional_kpoint": [
      0.0,
      0.0,
      1.561251e-17
    ],
    "path_segment": "L-G",
    "path_segment_fraction": 1.0,
    "expected_location": "Gamma",
    "is_gamma": true
  },
  "cbm": {
    "energy_ev": 6.404047,
    "band_index_1based": 5,
    "k_index_1based": 66,
    "x": 1.4519138796247215,
    "fractional_kpoint": [
      0.4142857,
      0.0,
      0.4142857
    ],
    "path_segment": "G-X",
    "path_segment_fraction": 0.8285714285714286,
    "expected_location": "near 0.85 of Gamma-X",
    "on_gamma_x": true,
    "near_expected_fraction": true
  },
  "indirect_gap_ev": 0.5725030000000002,
  "acceptance_window_ev": [
    0.5,
    0.8
  ],
  "gap_in_acceptance_window": true,
  "qe_baseline_gap_ev": 0.575,
  "gap_delta_vs_qe_ev": -0.0024969999999997494,
  "gap_delta_abs_vs_qe_ev": 0.0024969999999997494,
  "qualitative_topology_matches_qe": true,
  "scf_iter": 13,
  "scf_converged_within_30": true,
  "walltime_sec": {
    "scf_outcar_elapsed": 2.138,
    "band_outcar_elapsed": 3.626
  },
  "encut_ev": 400.0,
  "potcar_enmax_ev": 245.345,
  "encut_over_enmax": 1.6303572520328518,
  "plot": "bands.png"
}
